// Jest Snapshot v1, https://goo.gl/fbAQLP

exports[`Poster renders correctly 1`] = `
<div
  className="movie-card__poster"
>
  <img
    alt="The Grand Budapest Hotel poster"
    height="327"
    width="218"
  />
</div>
`;
